// Jest Snapshot v1, https://goo.gl/fbAQLP

exports[`pages/[code].tsx matches snapshot 1`] = `
<DocumentFragment>
  <div
    class="jsx-1108310075 container"
  >
    <main
      class="jsx-1108310075"
    >
      <div
        class="jsx-1108310075 main-content"
      >
        <div
          class="jsx-1758552329 title"
        >
          <div
            class="jsx-1758552329"
            style="margin: .5em;"
          >
            <img
              class="jsx-1758552329 rocket"
              src="/rocket.svg"
            />
            <img
              class="jsx-1758552329 crab"
              src="/crab.svg"
            />
          </div>
          <div>
            <div
              style="display: inline-block; white-space: nowrap;"
            >
              <div
                class="jsx-418573366 tooltip "
              >
                <h2
                  class="jsx-1758552329 party-url"
                >
                  rocketcrab.com
                </h2>
              </div>
            </div>
          </div>
        </div>
        <div
          class="jsx-2322376654 description"
        >
          Enter your name:
        </div>
        <div
          class="jsx-2322376654 input-container"
        >
          <div
            class="jsx-2152825435 with-label"
          >
            <div
              class="jsx-2152825435 input-container "
            >
              <div
                class="jsx-2152825435 input-wrapper hover  "
              >
                <input
                  autocomplete="off"
                  class="jsx-2152825435  "
                  id="player-name"
                  maxlength="24"
                  placeholder="Use your real name!"
                  type="text"
                  value=""
                />
                <div
                  class="jsx-1724197483 clear-icon "
                >
                  <svg
                    class="jsx-1724197483"
                    fill="none"
                    shape-rendering="geometricPrecision"
                    stroke="currentColor"
                    stroke-linecap="round"
                    stroke-linejoin="round"
                    stroke-width="1.5"
                    viewBox="0 0 24 24"
                  >
                    <path
                      class="jsx-1724197483"
                      d="M18 6L6 18"
                    />
                    <path
                      class="jsx-1724197483"
                      d="M6 6l12 12"
                    />
                  </svg>
                </div>
              </div>
            </div>
          </div>
        </div>
        <div
          class="jsx-4094718877 item justify jsx-1720607024 "
        >
          <div
            class="jsx-2819926550 item  jsx-4216129763 "
          >
            <button
              class="jsx-2230649419 btn "
              style="width: auto;"
              type="button"
            >
              <div
                class="text"
              >
                Back
              </div>
            </button>
          </div>
          <div
            class="jsx-2819926550 item  jsx-4216129763 "
          >
            <button
              class="jsx-512623370 btn "
              disabled=""
              style="width: auto;"
              type="button"
            >
              <div
                class="text"
              >
                Confirm
              </div>
            </button>
          </div>
        </div>
      </div>
      <div
        class="jsx-1108310075 height-expander"
      />
    </main>
    <footer
      class="jsx-2797266980"
      style="margin-top: 1em;"
    >
      <div
        class="jsx-2797266980 side"
      />
      <div
        class="jsx-2797266980 tag"
      >
        rocketcrab by 
        <a
          class="jsx-2797266980"
          href="https://www.tannerkrewson.com/"
          rel="noopener noreferrer"
          target="_blank"
        >
          Tanner Krewson
        </a>
        <br
          class="jsx-2797266980"
        />
        <a
          class="jsx-2797266980"
          href="https://github.com/tannerkrewson/rocketcrab"
          rel="noopener noreferrer"
          target="_blank"
        >
          View on GitHub
        </a>
      </div>
      <div
        class="jsx-2797266980 side"
      >
        <div
          class="jsx-2797266980 theme-toggle"
        >
          <div
            class="react-toggle react-toggle--checked"
          >
            <div
              class="react-toggle-track"
            >
              <div
                class="react-toggle-track-check"
              >
                <span
                  class="jsx-2797266980 sun-moon"
                >
                  ‚òÄÔ∏è
                </span>
              </div>
              <div
                class="react-toggle-track-x"
              >
                <span
                  class="jsx-2797266980 sun-moon"
                >
                  üåô
                </span>
              </div>
            </div>
            <div
              class="react-toggle-thumb"
            />
            <input
              checked=""
              class="react-toggle-screenreader-only"
              type="checkbox"
            />
          </div>
        </div>
      </div>
    </footer>
  </div>
</DocumentFragment>
`;
