// Jest Snapshot v1, https://goo.gl/fbAQLP

exports[`pages/index.tsx matches snapshot 1`] = `
<DocumentFragment>
  <div
    class="jsx-1855009027 container"
  >
    <main
      class="jsx-1855009027"
    >
      <div
        class="jsx-1855009027 main-content"
      >
        <div
          class="jsx-1758552329 title"
        >
          <div
            class="jsx-1758552329"
            style="margin: .5em;"
          >
            <img
              class="jsx-1758552329 rocket"
              src="/rocket.svg"
            />
            <img
              class="jsx-1758552329 crab"
              src="/crab.svg"
            />
          </div>
          <div>
            <div
              style="display: inline-block; white-space: nowrap;"
            >
              <div
                class="jsx-418573366 tooltip "
              >
                <h2
                  class="jsx-1758552329 party-url"
                >
                  rocketcrab.com
                </h2>
              </div>
            </div>
          </div>
        </div>
        <div
          class="jsx-4074410339 description"
        >
          party games for phones
        </div>
        <div
          class="jsx-1938348541 item justify jsx-1720607024 "
        >
          <div
            class="jsx-974242038 item  jsx-4216129763 "
          >
            <div>
              <button
                class="jsx-2230649419 btn "
                href="/join"
                style="width: auto;"
                type="button"
              >
                <div
                  class="text"
                >
                  Â Join PartyÂ 
                </div>
              </button>
            </div>
          </div>
          <div
            class="jsx-974242038 item  jsx-4216129763 "
          >
            <button
              class="jsx-2230649419 btn "
              style="width: auto;"
              type="button"
            >
              <div
                class="text"
              >
                Start Party
              </div>
            </button>
          </div>
        </div>
        <span
          class="jsx-3791690804 "
        />
        <div
          class="jsx-1938348541 item justify jsx-1720607024 "
        >
          <div
            class="jsx-974242038 item  jsx-4216129763 "
          >
            <div>
              <button
                class="jsx-2230649419 btn "
                href="/find"
                style="width: auto;"
                type="button"
              >
                <div
                  class="text"
                >
                  Find Players
                </div>
              </button>
            </div>
          </div>
        </div>
        <span
          class="jsx-2523868958 "
        />
        <div
          class="jsx-4074410339 btn-col"
        >
          <button
            class="jsx-3131001525 btn "
            style="width: 100%;"
            type="button"
          >
            <div
              class="text"
            >
              Add ðŸš€ðŸ¦€ App
            </div>
          </button>
          <span
            class="jsx-3462447556 "
          />
          <a
            class="link"
            href="https://discord.gg/MvYRVCP"
            rel="noopener noreferrer"
            style="line-height: 0;"
            target="_blank"
          >
            <button
              class="jsx-3131001525 btn "
              style="width: 100%;"
              type="button"
              url="https://discord.gg/MvYRVCP"
            >
              <div
                class="text"
              >
                <img
                  class="jsx-4074410339 discord-logo"
                  src="/Discord-Logo-Color.svg"
                />
                Join our Discord
              </div>
            </button>
          </a>
          <span
            class="jsx-3462447556 "
          />
          <a
            class="link"
            href="https://github.com/tannerkrewson/rocketcrab/#-for-developers"
            rel="noopener noreferrer"
            style="line-height: 0;"
            target="_blank"
          >
            <button
              class="jsx-3131001525 btn "
              style="width: 100%;"
              type="button"
              url="https://github.com/tannerkrewson/rocketcrab/#-for-developers"
            >
              <div
                class="text"
              >
                Add your game
              </div>
            </button>
          </a>
          <span
            class="jsx-3462447556 "
          />
          <div>
            <button
              class="jsx-3131001525 btn "
              href="/library"
              style="width: 100%;"
              type="button"
            >
              <div
                class="text"
              >
                Browse Games
              </div>
            </button>
          </div>
        </div>
        <span
          class="jsx-3462447556 "
        />
      </div>
    </main>
    <footer
      class="jsx-3128977650"
      style="margin-top: 1em;"
    >
      rocketcrab by 
      <a
        class="jsx-3128977650"
        href="https://www.tannerkrewson.com/"
        rel="noopener noreferrer"
        target="_blank"
      >
        Tanner Krewson
      </a>
      <br
        class="jsx-3128977650"
      />
      <a
        class="jsx-3128977650"
        href="https://github.com/tannerkrewson/rocketcrab"
        rel="noopener noreferrer"
        target="_blank"
      >
        View on GitHub
      </a>
    </footer>
  </div>
</DocumentFragment>
`;
